Usage:
  looper daemon [flags]

Subcommands:
  install  Install the managed daemon binary
  status   Show daemon status
  start    Start the daemon
  restart  Restart the daemon
  logs     Show daemon logs

Flags:
  --force                     Overwrite existing installed daemon binary
  --lines <count>             Line count

Global Flags:
  --config <path>             Config path
  --daemon-mode <mode>        Daemon mode
  --db-path <path>            Database path
  --gh-path <path>            GitHub CLI path
  --git-path <path>           Git binary path
  --host <host>               Server host
  --json                      Emit JSON output
  --log-dir <path>            Daemon log directory
  --osascript-path <path>     osascript binary path
  --port <port>               Server port

Examples:
$ looper daemon install
$ looper daemon start
$ looper daemon restart
$ looper daemon status
$ looper daemon logs --lines 50
