Usage:
  looper [flags]

Version:
  0.0.0-dev

Subcommands:
  status     Show service status
  bootstrap  Run first-time setup
  version    Show Looper version
  project    Project commands
  config     Config commands
  daemon     Daemon commands
  upgrade    Check or upgrade Looper installations
  labels     GitHub label commands
  loop       Loop commands
  work       Create a worker run
  plan       Create a planner run
  pr         Pull request commands
  review     Create a reviewer task for a pull request
  feedback   Submit feedback as a GitHub issue
  ps         Show running loops
  jump       Print shell command for a loop worktree
  logs       Show logs for a loop
  stop       Stop an active loop
  run        Run commands

Flags:
  --config <path>             Config path
  --daemon-mode <mode>        Daemon mode
  --db-path <path>            Database path
  --fix-all-pull-requests <bool> Allow fixer to inspect and fix PRs created by any author
  --gh-path <path>            GitHub CLI path
  --git-path <path>           Git binary path
  --host <host>               Server host
  --json                      Emit JSON output
  --log-dir <path>            Daemon log directory
  --osascript-path <path>     osascript binary path
  --port <port>               Server port
