Usage:
  looper [flags]

Version:
  0.0.0-dev

Subcommands:
  status     Show service status
  network    Network membership commands
  netadmin   Network repo operator commands
  webhook    Webhook configuration and status
  bootstrap  Run first-time setup
  version    Show Looper version
  project    Project commands
  config     Config commands
  prompt     Prompt inspection commands
  daemon     Daemon commands
  upgrade    Check or upgrade Looper installations
  labels     GitHub label commands
  queue      Queue inspection and maintenance commands
  worktree   Worktree maintenance commands
  loop       Loop commands
  work       Create a worker run
  plan       Create a planner run
  pr         Pull request commands
  review     Create a reviewer task for a pull request
  fix        Create a fixer task for a pull request
  feedback   Submit feedback as a GitHub issue
  ps         Show running loops
  jump       Print shell command for a loop worktree
  logs       Show logs for a loop
  pause      Pause a loop by sequence number
  unpause    Resume a paused loop by sequence number
  stop       Stop an active loop
  run        Run commands

Flags:
  --config <path>             Config path (`~/.looper/config.toml` by default; also supports .yaml, .yml, and .json)
  --daemon-mode <mode>        Daemon mode
  --daemon-restart-policy <policy> Daemon supervisor restart policy: never, on-failure, or always
  --daemon-restart-throttle-seconds <seconds> Daemon supervisor restart throttle
  --db-path <path>            Database path
  --fixer-agent-timeout-seconds <seconds> Fixer agent execution timeout
  --gh-path <path>            GitHub CLI path
  --git-path <path>           Git binary path
  --host <host>               Server host
  --instructions-enabled <bool> Enable custom instructions
  --json                      Emit JSON output
  --log-dir <path>            Daemon log directory
  --looper-path <path>        Looper CLI path
  --osascript-path <path>     osascript binary path
  --package-auto-upgrade-enabled <bool> Enable automatic upgrade checks for this command
  --planner-agent-timeout-seconds <seconds> Planner agent execution timeout
  --port <port>               Server port
  --reviewer-agent-timeout-seconds <seconds> Reviewer agent execution timeout
  --roles-fixer-triggers-author-filter <filter> Fixer author filter: current-user or any
  --roles-reviewer-behavior-loop-enabled-by-default <bool> Enable reviewer follow-up loops by default
  --roles-reviewer-behavior-loop-max-iterations-per-head <count> Deprecated; ignored by reviewer loop filtering
  --roles-reviewer-behavior-loop-max-iterations-per-pr <count> Deprecated; ignored by reviewer loop filtering
  --roles-reviewer-behavior-loop-min-publish-interval-seconds <seconds> Reviewer loop minimum publish interval
  --roles-reviewer-behavior-loop-quiet-period-seconds <seconds> Reviewer loop quiet period
  --roles-reviewer-behavior-review-events-blocking <event> Reviewer event for blocking findings: COMMENT or REQUEST_CHANGES
  --roles-reviewer-behavior-review-events-clean <event> Reviewer event for clean runs: COMMENT or APPROVE
  --roles-reviewer-discovery-triggers-enable-self-review <bool> Allow reviewer triggers to process self-authored pull requests
  --worker-agent-timeout-seconds <seconds> Worker agent execution timeout
