Upgrade check
  cliCurrent            : 0.2.1
  cliLatest             : 0.3.0
  cliUpdateAvailable    : yes
  daemonCurrent         : 0.2.1
  daemonLatest          : 0.3.0
  daemonUpdateAvailable : yes
  daemonSource          : installed-binary
  daemonBinaryPath      : __HOME__/.looper/bin/looperd
